

Tue Jul  1 18:16:42 2025
Command line: TestDisk

TestDisk 7.1, Data Recovery Utility, July 2019
Christophe GRENIER <grenier@cgsecurity.org>
https://www.cgsecurity.org
OS: Linux, kernel 6.8.0-63-generic (#66-Ubuntu SMP PREEMPT_DYNAMIC Fri Jun 13 20:25:30 UTC 2025) x86_64
Compiler: GCC 13.2
ext2fs lib: 1.47.0, ntfs lib: libntfs-3g, reiserfs lib: none, ewf lib: none, curses lib: ncurses 6.4
User is not root!
Hard disk list


TestDisk exited normally.
Using locale 'en_US.UTF-8'.


Tue Jul  1 18:16:42 2025
Command line: TestDisk /debug

TestDisk 7.1, Data Recovery Utility, July 2019
Christophe GRENIER <grenier@cgsecurity.org>
https://www.cgsecurity.org
OS: Linux, kernel 6.8.0-63-generic (#66-Ubuntu SMP PREEMPT_DYNAMIC Fri Jun 13 20:25:30 UTC 2025) x86_64
Compiler: GCC 13.2
ext2fs lib: 1.47.0, ntfs lib: libntfs-3g, reiserfs lib: none, ewf lib: none, curses lib: ncurses 6.4
/dev/sda: LBA, LBA48 support
/dev/sda: size       3907029168 sectors
/dev/sda: user_max   3907029168 sectors
Warning: can't get size for Disk /dev/mapper/control - 0 B - 0 sectors, sector size=512
Warning: can't get size for Disk /dev/loop0 - 0 B - 0 sectors (RO), sector size=512
Warning: can't get size for Disk /dev/loop1 - 0 B - 0 sectors, sector size=512
Warning: can't get size for Disk /dev/loop2 - 0 B - 0 sectors, sector size=512
Warning: can't get size for Disk /dev/loop3 - 0 B - 0 sectors, sector size=512
Warning: can't get size for Disk /dev/loop4 - 0 B - 0 sectors, sector size=512
Warning: can't get size for Disk /dev/loop5 - 0 B - 0 sectors, sector size=512
Warning: can't get size for Disk /dev/loop6 - 0 B - 0 sectors, sector size=512
Warning: can't get size for Disk /dev/loop7 - 0 B - 0 sectors, sector size=512
Hard disk list
Disk /dev/sda - 2000 GB / 1863 GiB - CHS 243201 255 63, sector size=512 - WDC WD20EZBX-75AYRA1, S/N:WD-WXW2A8200PXE, FW:12091512
Disk /dev/sdb - 1000 GB / 931 GiB - CHS 121601 255 63, sector size=512 - SAMSUNG HD103SJ, FW:1AJ1
Disk /dev/mapper/luks-f9496fa4-c73d-44a4-8093-b68397ee5b35 - 2000 GB / 1863 GiB - 3906996184 sectors, sector size=512
Disk /dev/mapper/nvme0n1p3_crypt - 2046 GB / 1905 GiB - 3996213248 sectors, sector size=512
Disk /dev/mapper/vgmint-root - 1997 GB / 1860 GiB - 3902251008 sectors, sector size=512
Disk /dev/mapper/vgmint-swap_1 - 2046 MB / 1952 MiB - 3997696 sectors, sector size=512
Disk /dev/dm-0 - 2046 GB / 1905 GiB - 3996213248 sectors, sector size=512
Disk /dev/dm-1 - 1997 GB / 1860 GiB - 3902251008 sectors, sector size=512
Disk /dev/dm-2 - 2046 MB / 1952 MiB - 3997696 sectors, sector size=512
Disk /dev/dm-3 - 2000 GB / 1863 GiB - 3906996184 sectors, sector size=512
Disk /dev/nvme0n1 - 2048 GB / 1907 GiB - CHS 1953514 64 32, sector size=512

Partition table type (auto): Intel
Disk /dev/sdb - 1000 GB / 931 GiB - SAMSUNG HD103SJ
Partition table type: Intel

Analyse Disk /dev/sdb - 1000 GB / 931 GiB - CHS 121601 255 63
Geometry from i386 MBR: head=255 sector=63
check_part_i386 failed for partition type 07
Current partition structure:
Invalid NTFS or exFAT boot
 1 P HPFS - NTFS              0  32 33 121601  25 24 1953519616
 1 P HPFS - NTFS              0  32 33 121601  25 24 1953519616
No partition is bootable

search_part()
Disk /dev/sdb - 1000 GB / 931 GiB - CHS 121601 255 63

Results

interface_write()
 
No partition found or selected for recovery
